// Jest Snapshot v1, https://goo.gl/fbAQLP

exports[`Header Header renders correctly 1`] = `ShallowWrapper {}`;

exports[`Header renders correctly 1`] = `ShallowWrapper {}`;
